    OpenRGB v1.0
    Commit:  from 
    Launched: 20261008_213649
====================================================================================================

[0         ][Info   ][ProfileManager] Found file: robo.json attempting to validate header
[0         ][Info   ][ProfileManager] Found file: robo.json attempting to validate header
[1         ][Info   ][NetworkClient] Connection attempt failed
[53        ][Info   ]------------------------------------------------------
[53        ][Info   ]|               Start device detection               |
[53        ][Info   ]------------------------------------------------------
[59        ][Info   ]------------------------------------------------------
[59        ][Info   ]|             Detecting I2C interfaces               |
[59        ][Info   ]------------------------------------------------------
[59        ][Info   ][DetectionManager] Registering I2C interface: AMDGPU DM i2c hw bus 1 (/dev/i2c-3) Device 1002:164E Subsystem: 1458:D000
[59        ][Info   ][DetectionManager] Registering I2C interface: NVIDIA i2c adapter 2 at 1:00.0 (/dev/i2c-10) Device 10DE:2705 Subsystem: 1458:413D
[59        ][Info   ][DetectionManager] Registering I2C interface: Synopsys DesignWare I2C adapter (/dev/i2c-1) Device 0000:0000 Subsystem: 0000:0000
[59        ][Info   ][DetectionManager] Registering I2C interface: SMBus PIIX4 adapter port 1 at 0b20 (/dev/i2c-17) Device 1022:790B Subsystem: 1458:5001
[59        ][Info   ][i2c_smbus_linux] Failed to read i2c device PCI device ID
[59        ][Info   ][DetectionManager] Registering I2C interface: AMDGPU DM aux hw bus 3 (/dev/i2c-8) Device 0000:0000 Subsystem: 0000:0000
[59        ][Info   ][DetectionManager] Registering I2C interface: SMBus PIIX4 adapter port 0 at 0b00 (/dev/i2c-15) Device 1022:790B Subsystem: 1458:5001
[59        ][Info   ][i2c_smbus_linux] Failed to read i2c device PCI device ID
[59        ][Info   ][DetectionManager] Registering I2C interface: AMDGPU DM aux hw bus 1 (/dev/i2c-6) Device 0000:0000 Subsystem: 0000:0000
[59        ][Info   ][DetectionManager] Registering I2C interface: NVIDIA i2c adapter 5 at 1:00.0 (/dev/i2c-13) Device 10DE:2705 Subsystem: 1458:413D
[59        ][Info   ][DetectionManager] Registering I2C interface: AMDGPU DM i2c hw bus 2 (/dev/i2c-4) Device 1002:164E Subsystem: 1458:D000
[60        ][Info   ][DetectionManager] Registering I2C interface: NVIDIA i2c adapter 3 at 1:00.0 (/dev/i2c-11) Device 10DE:2705 Subsystem: 1458:413D
[60        ][Info   ][DetectionManager] Registering I2C interface: AMDGPU DM i2c hw bus 0 (/dev/i2c-2) Device 1002:164E Subsystem: 1458:D000
[60        ][Info   ][DetectionManager] Registering I2C interface: Synopsys DesignWare I2C adapter (/dev/i2c-0) Device 0000:0000 Subsystem: 0000:0000
[60        ][Info   ][DetectionManager] Registering I2C interface: NVIDIA i2c adapter 1 at 1:00.0 (/dev/i2c-9) Device 10DE:2705 Subsystem: 1458:413D
[60        ][Info   ][DetectionManager] Registering I2C interface: SMBus PIIX4 adapter port 2 at 0b00 (/dev/i2c-16) Device 1022:790B Subsystem: 1458:5001
[60        ][Info   ][i2c_smbus_linux] Failed to read i2c device PCI device ID
[60        ][Info   ][DetectionManager] Registering I2C interface: AMDGPU DM aux hw bus 2 (/dev/i2c-7) Device 0000:0000 Subsystem: 0000:0000
[60        ][Info   ][DetectionManager] Registering I2C interface: NVIDIA i2c adapter 6 at 1:00.0 (/dev/i2c-14) Device 10DE:2705 Subsystem: 1458:413D
[60        ][Info   ][DetectionManager] Registering I2C interface: AMDGPU DM i2c hw bus 3 (/dev/i2c-5) Device 1002:164E Subsystem: 1458:D000
[60        ][Info   ][DetectionManager] Registering I2C interface: NVIDIA i2c adapter 4 at 1:00.0 (/dev/i2c-12) Device 10DE:2705 Subsystem: 1458:413D
[60        ][Info   ]------------------------------------------------------
[60        ][Info   ]|               Detecting I2C devices                |
[60        ][Info   ]------------------------------------------------------
[402       ][Info   ][DetectionManager] Registering RGB controller ENE DRAM
[979       ][Info   ]------------------------------------------------------
[979       ][Info   ]|            Detecting I2C DRAM modules              |
[979       ][Info   ]------------------------------------------------------
[1054      ][Info   ][DetectionManager] Detected occupied slot 4, bus 5, type DDR5
[1130      ][Info   ]------------------------------------------------------
[1130      ][Info   ]|               Detecting I2C PCI devices            |
[1130      ][Info   ]------------------------------------------------------
[1131      ][Info   ]------------------------------------------------------
[1131      ][Info   ]|               Detecting HID devices                |
[1131      ][Info   ]------------------------------------------------------
[1279      ][Info   ][DetectionManager] Registering RGB controller B650M D3HP AX
[1280      ][Info   ]------------------------------------------------------
[1280      ][Info   ]|            Detecting libusb HID devices            |
[1280      ][Info   ]------------------------------------------------------
[1301      ][Info   ]------------------------------------------------------
[1301      ][Info   ]|              Detecting other devices               |
[1301      ][Info   ]------------------------------------------------------
[1321      ][Info   ]------------------------------------------------------
[1321      ][Info   ]|                Detection completed                 |
[1321      ][Info   ]------------------------------------------------------
[10959     ][Info   ][DetectionManager] Cleaning up detected devices
